/home/riscv/synopsys/I-2013.12-SP4/auxx/gui/icc/icc_setup.tcl
/home/riscv/synopsys/I-2013.12-SP4/auxx/gui/syn/snpsSynProcs.tcl
/home/riscv/synopsys/I-2013.12-SP4/auxx/tcllib/lib/tcl8.5/tm.tcl
/home/riscv/synopsys/I-2013.12-SP4/auxx/tcllib/lib/tcl8.5/package.tcl
/home/riscv/synopsys/I-2013.12-SP4/auxx/gui/syn/layout/pkgIndex.tcl
/home/riscv/synopsys/I-2013.12-SP4/auxx/gui/common/table/pkgIndex.tcl
/home/riscv/synopsys/I-2013.12-SP4/auxx/gui/common/WindowFrameWork/pkgIndex.tcl
/home/riscv/synopsys/I-2013.12-SP4/auxx/gui/common/view/pkgIndex.tcl
/home/riscv/synopsys/I-2013.12-SP4/auxx/gui/common/acg/pkgIndex.tcl
/home/riscv/synopsys/I-2013.12-SP4/auxx/gui/common/select/pkgIndex.tcl
/home/riscv/synopsys/I-2013.12-SP4/auxx/gui/common/strokes/pkgIndex.tcl
/home/riscv/synopsys/I-2013.12-SP4/auxx/gui/common/misc/pkgIndex.tcl
/home/riscv/synopsys/I-2013.12-SP4/auxx/gui/common/setup/pkgIndex.tcl
/home/riscv/synopsys/I-2013.12-SP4/auxx/gui/common/tq/pkgIndex.tcl
/home/riscv/synopsys/I-2013.12-SP4/auxx/gui/common/hierarchy/pkgIndex.tcl
/home/riscv/synopsys/I-2013.12-SP4/auxx/gui/common/layout/pkgIndex.tcl
/home/riscv/synopsys/I-2013.12-SP4/auxx/gui/common/docBrowser/pkgIndex.tcl
/home/riscv/synopsys/I-2013.12-SP4/auxx/gui/common/dialogs/pkgIndex.tcl
/home/riscv/synopsys/I-2013.12-SP4/auxx/gui/common/regressionToolkit/pkgIndex.tcl
/home/riscv/synopsys/I-2013.12-SP4/auxx/gui/common/profiler/pkgIndex.tcl
/home/riscv/synopsys/I-2013.12-SP4/auxx/gui/common/fanoutviewer/pkgIndex.tcl
/home/riscv/synopsys/I-2013.12-SP4/auxx/gui/common/highlight/pkgIndex.tcl
/home/riscv/synopsys/I-2013.12-SP4/auxx/gui/common/schematic/pkgIndex.tcl
/home/riscv/synopsys/I-2013.12-SP4/auxx/gui/common/menus/pkgIndex.tcl
/home/riscv/synopsys/I-2013.12-SP4/auxx/gui/common/mrupalette/pkgIndex.tcl
/home/riscv/synopsys/I-2013.12-SP4/auxx/gui/common/palettegroup/pkgIndex.tcl
/home/riscv/synopsys/I-2013.12-SP4/auxx/gui/common/libviewer/pkgIndex.tcl
/home/riscv/synopsys/I-2013.12-SP4/auxx/gui/common/commandform/pkgIndex.tcl
/home/riscv/synopsys/I-2013.12-SP4/auxx/gui/common/tcl-dp/pkgIndex.tcl
/home/riscv/synopsys/I-2013.12-SP4/auxx/gui/common/qtcl/pkgIndex.tcl
/home/riscv/synopsys/I-2013.12-SP4/auxx/gui/common/histogram/pkgIndex.tcl
/home/riscv/synopsys/I-2013.12-SP4/auxx/gui/common/pathinspector/pkgIndex.tcl
/home/riscv/synopsys/I-2013.12-SP4/auxx/gui/common/timing/pkgIndex.tcl
/home/riscv/synopsys/I-2013.12-SP4/auxx/gui/common/tiledview/pkgIndex.tcl
/home/riscv/synopsys/I-2013.12-SP4/auxx/gui/common/opdlg/pkgIndex.tcl
/home/riscv/synopsys/I-2013.12-SP4/auxx/gui/dv/pkgIndex.tcl
/home/riscv/synopsys/I-2013.12-SP4/auxx/tcllib/snps_tcl/snpsTclPro/pkgIndex.tcl
/home/riscv/synopsys/I-2013.12-SP4/auxx/tcllib/snps_tcl/snpsTest/pkgIndex.tcl
/home/riscv/synopsys/I-2013.12-SP4/auxx/tcllib/snps_tcl/snpsUtils/pkgIndex.tcl
/home/riscv/synopsys/I-2013.12-SP4/auxx/tcllib/snps_tcl/pkgIndex.tcl
/home/riscv/synopsys/I-2013.12-SP4/auxx/tcllib/lib/tcl8.5/tcltest/pkgIndex.tcl
/home/riscv/synopsys/I-2013.12-SP4/auxx/tcllib/lib/tcl8.5/http/pkgIndex.tcl
/home/riscv/synopsys/I-2013.12-SP4/auxx/tcllib/lib/tcl8.5/reg/pkgIndex.tcl
/home/riscv/synopsys/I-2013.12-SP4/auxx/tcllib/lib/tcl8.5/platform/pkgIndex.tcl
/home/riscv/synopsys/I-2013.12-SP4/auxx/tcllib/lib/tcl8.5/opt/pkgIndex.tcl
/home/riscv/synopsys/I-2013.12-SP4/auxx/tcllib/lib/tcl8.5/dde/pkgIndex.tcl
/home/riscv/synopsys/I-2013.12-SP4/auxx/tcllib/lib/tcl8.5/http1.0/pkgIndex.tcl
/home/riscv/synopsys/I-2013.12-SP4/auxx/tcllib/lib/tcl8.5/msgcat/pkgIndex.tcl
/home/riscv/synopsys/I-2013.12-SP4/auxx/gui/common/setup/snpsCommonSetup.tcl
/home/riscv/synopsys/I-2013.12-SP4/auxx/gui/common/setup/snpsCustomize.tcl
/home/riscv/synopsys/I-2013.12-SP4/auxx/gui/common/setup/snpsProcheck.tcl
/home/riscv/synopsys/I-2013.12-SP4/auxx/gui/common/qtcl/.synopsys_qtcl.tcl
/home/riscv/synopsys/I-2013.12-SP4/auxx/gui/common/highlight/highlight.tcl
/home/riscv/synopsys/I-2013.12-SP4/auxx/gui/common/misc/base.tcl
/home/riscv/synopsys/I-2013.12-SP4/auxx/gui/common/misc/timing.tcl
/home/riscv/synopsys/I-2013.12-SP4/auxx/gui/common/misc/setting.tcl
/home/riscv/synopsys/I-2013.12-SP4/auxx/gui/common/misc/preset.tcl
/home/riscv/synopsys/I-2013.12-SP4/auxx/gui/common/WindowFrameWork/windowFrameWork.tcl
/home/riscv/synopsys/I-2013.12-SP4/auxx/gui/common/WindowFrameWork/skipBusyCursorCmdList.tcl
/home/riscv/synopsys/I-2013.12-SP4/auxx/gui/common/docBrowser/docBrowser.tcl
/home/riscv/synopsys/I-2013.12-SP4/auxx/tcllib/snps_tcl/snpsUtils/snpsUtils.tcl
/home/riscv/synopsys/I-2013.12-SP4/auxx/gui/common/dialogs/ObjectChooser.tcl
/home/riscv/synopsys/I-2013.12-SP4/auxx/gui/common/misc/DialogObjectChooser.tcl
/home/riscv/synopsys/I-2013.12-SP4/auxx/gui/common/dialogs/HistBinInformation.tcl
/home/riscv/synopsys/I-2013.12-SP4/auxx/gui/common/dialogs/HistBin1Information.tcl
/home/riscv/synopsys/I-2013.12-SP4/auxx/gui/common/dialogs/BinsOnlyInformation.tcl
/home/riscv/synopsys/I-2013.12-SP4/auxx/gui/common/dialogs/FileChooser.tcl
/home/riscv/synopsys/I-2013.12-SP4/auxx/gui/common/dialogs/PathPinSimpleInfo.tcl
/home/riscv/synopsys/I-2013.12-SP4/auxx/gui/common/dialogs/PathsBasicInfo.tcl
/home/riscv/synopsys/I-2013.12-SP4/auxx/gui/common/dialogs/PathsBasicSimpleInfo.tcl
/home/riscv/synopsys/I-2013.12-SP4/auxx/gui/common/dialogs/SlctOperationInfo.tcl
/home/riscv/synopsys/I-2013.12-SP4/auxx/gui/common/dialogs/ObjectListInfo.tcl
/home/riscv/synopsys/I-2013.12-SP4/auxx/gui/common/dialogs/FanInOutInfo.tcl
/home/riscv/synopsys/I-2013.12-SP4/auxx/gui/common/dialogs/NumberOfLevelsChooser.tcl
/home/riscv/synopsys/I-2013.12-SP4/auxx/gui/common/dialogs/WindowReuseInfo.tcl
/home/riscv/synopsys/I-2013.12-SP4/auxx/gui/common/dialogs/ReportOutputOptionInfo.tcl
/home/riscv/synopsys/I-2013.12-SP4/auxx/gui/common/setup/snpsCollections.tcl
/home/riscv/synopsys/I-2013.12-SP4/auxx/gui/common/dialogs/CompileLinkDesign.tcl
/home/riscv/synopsys/I-2013.12-SP4/auxx/gui/common/histogram/DialogEndpointSlack.tcl
/home/riscv/synopsys/I-2013.12-SP4/auxx/gui/common/histogram/DialogPathsSlack.tcl
/home/riscv/synopsys/I-2013.12-SP4/auxx/gui/common/histogram/DialogNetCapacitance.tcl
/home/riscv/synopsys/I-2013.12-SP4/auxx/gui/common/schematic/DialogPathSchematicFanInOut.tcl
/home/riscv/synopsys/I-2013.12-SP4/auxx/gui/common/schematic/DialogPathSchematicAddPaths.tcl
/home/riscv/synopsys/I-2013.12-SP4/auxx/gui/common/layout/preferences.tcl
/home/riscv/Soc/conv_icc/scripts/bk/1_data_setup.tcl
/home/riscv/Soc/conv_icc/design_data/top_digital.mw
/home/riscv/Soc/conv_icc/ref/tf/saed32nm_1p9m_mw.tf
/home/riscv/Soc/conv_icc/ref/mw_lib/saed32nm_rvt_1p9m
/home/riscv/Soc/conv_icc/design_data/top_digital.mw
/home/riscv/Soc/conv_icc/ref/mw_lib/saed32nm_rvt_1p9m
/home/riscv/Soc/conv_icc/ref/tluplus/saed32nm_1p9m_Cmax.tluplus
/home/riscv/Soc/conv_icc/ref/tluplus/saed32nm_1p9m_Cmin.tluplus
/home/riscv/Soc/conv_icc/ref/tluplus/saed32nm_tf_itf_tluplus.map
/home/riscv/synopsys/I-2013.12-SP4/libraries/syn/gtech.db
/home/riscv/synopsys/I-2013.12-SP4/libraries/syn/standard.sldb
/home/riscv/synopsys/I-2013.12-SP4/libraries/syn/gtech.db
/home/riscv/synopsys/I-2013.12-SP4/libraries/syn/standard.sldb
/home/riscv/synopsys/I-2013.12-SP4/auxx/syn/all_command_option_def.tcl
