/home/riscv/synopsys/H-2013.03-SP2/auxx/gui/dv/dv_setup.tcl
/home/riscv/synopsys/H-2013.03-SP2/auxx/gui/syn/snpsSynProcs.tcl
/home/riscv/synopsys/H-2013.03-SP2/auxx/tcllib/lib/tcl8.4/package.tcl
/home/riscv/synopsys/H-2013.03-SP2/auxx/gui/syn/layout/pkgIndex.tcl
/home/riscv/synopsys/H-2013.03-SP2/auxx/gui/common/table/pkgIndex.tcl
/home/riscv/synopsys/H-2013.03-SP2/auxx/gui/common/WindowFrameWork/pkgIndex.tcl
/home/riscv/synopsys/H-2013.03-SP2/auxx/gui/common/view/pkgIndex.tcl
/home/riscv/synopsys/H-2013.03-SP2/auxx/gui/common/acg/pkgIndex.tcl
/home/riscv/synopsys/H-2013.03-SP2/auxx/gui/common/select/pkgIndex.tcl
/home/riscv/synopsys/H-2013.03-SP2/auxx/gui/common/strokes/pkgIndex.tcl
/home/riscv/synopsys/H-2013.03-SP2/auxx/gui/common/misc/pkgIndex.tcl
/home/riscv/synopsys/H-2013.03-SP2/auxx/gui/common/setup/pkgIndex.tcl
/home/riscv/synopsys/H-2013.03-SP2/auxx/gui/common/hierarchy/pkgIndex.tcl
/home/riscv/synopsys/H-2013.03-SP2/auxx/gui/common/layout/pkgIndex.tcl
/home/riscv/synopsys/H-2013.03-SP2/auxx/gui/common/docBrowser/pkgIndex.tcl
/home/riscv/synopsys/H-2013.03-SP2/auxx/gui/common/dialogs/pkgIndex.tcl
/home/riscv/synopsys/H-2013.03-SP2/auxx/gui/common/regressionToolkit/pkgIndex.tcl
/home/riscv/synopsys/H-2013.03-SP2/auxx/gui/common/profiler/pkgIndex.tcl
/home/riscv/synopsys/H-2013.03-SP2/auxx/gui/common/fanoutviewer/pkgIndex.tcl
/home/riscv/synopsys/H-2013.03-SP2/auxx/gui/common/highlight/pkgIndex.tcl
/home/riscv/synopsys/H-2013.03-SP2/auxx/gui/common/schematic/pkgIndex.tcl
/home/riscv/synopsys/H-2013.03-SP2/auxx/gui/common/menus/pkgIndex.tcl
/home/riscv/synopsys/H-2013.03-SP2/auxx/gui/common/libviewer/pkgIndex.tcl
/home/riscv/synopsys/H-2013.03-SP2/auxx/gui/common/tcl-dp/pkgIndex.tcl
/home/riscv/synopsys/H-2013.03-SP2/auxx/gui/common/qtcl/pkgIndex.tcl
/home/riscv/synopsys/H-2013.03-SP2/auxx/gui/common/histogram/pkgIndex.tcl
/home/riscv/synopsys/H-2013.03-SP2/auxx/gui/common/pathinspector/pkgIndex.tcl
/home/riscv/synopsys/H-2013.03-SP2/auxx/gui/common/timing/pkgIndex.tcl
/home/riscv/synopsys/H-2013.03-SP2/auxx/gui/common/opdlg/pkgIndex.tcl
/home/riscv/synopsys/H-2013.03-SP2/auxx/gui/dv/pkgIndex.tcl
/home/riscv/synopsys/H-2013.03-SP2/auxx/tcllib/snps_tcl/snpsTclPro/pkgIndex.tcl
/home/riscv/synopsys/H-2013.03-SP2/auxx/tcllib/snps_tcl/snpsTest/pkgIndex.tcl
/home/riscv/synopsys/H-2013.03-SP2/auxx/tcllib/snps_tcl/snpsUtils/pkgIndex.tcl
/home/riscv/synopsys/H-2013.03-SP2/auxx/tcllib/snps_tcl/pkgIndex.tcl
/home/riscv/synopsys/H-2013.03-SP2/auxx/tcllib/lib/tcl8.4/tcltest/pkgIndex.tcl
/home/riscv/synopsys/H-2013.03-SP2/auxx/tcllib/lib/tcl8.4/http/pkgIndex.tcl
/home/riscv/synopsys/H-2013.03-SP2/auxx/tcllib/lib/tcl8.4/reg/pkgIndex.tcl
/home/riscv/synopsys/H-2013.03-SP2/auxx/tcllib/lib/tcl8.4/opt/pkgIndex.tcl
/home/riscv/synopsys/H-2013.03-SP2/auxx/tcllib/lib/tcl8.4/dde/pkgIndex.tcl
/home/riscv/synopsys/H-2013.03-SP2/auxx/tcllib/lib/tcl8.4/http1.0/pkgIndex.tcl
/home/riscv/synopsys/H-2013.03-SP2/auxx/tcllib/lib/tcl8.4/msgcat/pkgIndex.tcl
/home/riscv/synopsys/H-2013.03-SP2/auxx/gui/common/setup/snpsCommonSetup.tcl
/home/riscv/synopsys/H-2013.03-SP2/auxx/gui/common/setup/snpsCustomize.tcl
/home/riscv/synopsys/H-2013.03-SP2/auxx/gui/common/setup/snpsProcheck.tcl
/home/riscv/synopsys/H-2013.03-SP2/auxx/gui/common/qtcl/.synopsys_qtcl.tcl
/home/riscv/synopsys/H-2013.03-SP2/auxx/gui/common/highlight/highlight.tcl
/home/riscv/synopsys/H-2013.03-SP2/auxx/gui/common/misc/base.tcl
/home/riscv/synopsys/H-2013.03-SP2/auxx/gui/common/misc/timing.tcl
/home/riscv/synopsys/H-2013.03-SP2/auxx/gui/common/misc/setting.tcl
/home/riscv/synopsys/H-2013.03-SP2/auxx/gui/common/misc/preset.tcl
/home/riscv/synopsys/H-2013.03-SP2/auxx/gui/common/WindowFrameWork/windowFrameWork.tcl
/home/riscv/synopsys/H-2013.03-SP2/auxx/gui/common/WindowFrameWork/skipBusyCursorCmdList.tcl
/home/riscv/synopsys/H-2013.03-SP2/auxx/gui/common/docBrowser/docBrowser.tcl
/home/riscv/synopsys/H-2013.03-SP2/auxx/tcllib/snps_tcl/snpsUtils/snpsUtils.tcl
/home/riscv/synopsys/H-2013.03-SP2/auxx/gui/common/dialogs/ObjectChooser.tcl
/home/riscv/synopsys/H-2013.03-SP2/auxx/gui/common/misc/DialogObjectChooser.tcl
/home/riscv/synopsys/H-2013.03-SP2/auxx/gui/common/dialogs/HistBinInformation.tcl
/home/riscv/synopsys/H-2013.03-SP2/auxx/gui/common/dialogs/HistBin1Information.tcl
/home/riscv/synopsys/H-2013.03-SP2/auxx/gui/common/dialogs/BinsOnlyInformation.tcl
/home/riscv/synopsys/H-2013.03-SP2/auxx/gui/common/dialogs/FileChooser.tcl
/home/riscv/synopsys/H-2013.03-SP2/auxx/gui/common/dialogs/PathPinSimpleInfo.tcl
/home/riscv/synopsys/H-2013.03-SP2/auxx/gui/common/dialogs/PathsBasicInfo.tcl
/home/riscv/synopsys/H-2013.03-SP2/auxx/gui/common/dialogs/PathsBasicSimpleInfo.tcl
/home/riscv/synopsys/H-2013.03-SP2/auxx/gui/common/dialogs/SlctOperationInfo.tcl
/home/riscv/synopsys/H-2013.03-SP2/auxx/gui/common/dialogs/ObjectListInfo.tcl
/home/riscv/synopsys/H-2013.03-SP2/auxx/gui/common/dialogs/FanInOutInfo.tcl
/home/riscv/synopsys/H-2013.03-SP2/auxx/gui/common/dialogs/NumberOfLevelsChooser.tcl
/home/riscv/synopsys/H-2013.03-SP2/auxx/gui/common/dialogs/WindowReuseInfo.tcl
/home/riscv/synopsys/H-2013.03-SP2/auxx/gui/common/dialogs/ReportOutputOptionInfo.tcl
/home/riscv/synopsys/H-2013.03-SP2/auxx/gui/common/setup/snpsCollections.tcl
/home/riscv/synopsys/H-2013.03-SP2/auxx/gui/common/dialogs/CompileLinkDesign.tcl
/home/riscv/synopsys/H-2013.03-SP2/auxx/gui/common/histogram/DialogEndpointSlack.tcl
/home/riscv/synopsys/H-2013.03-SP2/auxx/gui/common/histogram/DialogPathsSlack.tcl
/home/riscv/synopsys/H-2013.03-SP2/auxx/gui/common/histogram/DialogNetCapacitance.tcl
/home/riscv/synopsys/H-2013.03-SP2/auxx/gui/common/schematic/DialogPathSchematicFanInOut.tcl
/home/riscv/synopsys/H-2013.03-SP2/auxx/gui/common/schematic/DialogPathSchematicAddPaths.tcl
/home/riscv/Soc/conv_dc_SRAM/scripts/dc_main.tcl
/home/riscv/Soc/conv_dc_SRAM/scripts/1_setup.tcl
/home/riscv/Soc/conv_dc_SRAM/scripts/2_read_file.tcl
/home/riscv/Soc/conv_dc_SRAM/rtl/sirv_conv_slv.v
/home/riscv/Soc/conv_dc_SRAM/ref/saed32rvt_ss0p95v125c.db
/home/riscv/Soc/conv_dc_SRAM/ref/sram_8kx32_ss_0p99v_0p99v_125c.db
/home/riscv/Soc/conv_dc_SRAM/ref/sram_4kx64_ss_0p99v_0p99v_125c.db
/home/riscv/synopsys/H-2013.03-SP2/libraries/syn/gtech.db
/home/riscv/synopsys/H-2013.03-SP2/libraries/syn/standard.sldb
/home/riscv/Soc/conv_dc_SRAM/scripts/3_set_drc.tcl
/home/riscv/Soc/conv_dc_SRAM/scripts/4_set_main_clk.tcl
/home/riscv/Soc/conv_dc_SRAM/scripts/5_set_mode_inout_drc_load.tcl
/home/riscv/synopsys_cache_H-2013.03-SP2/DW01/DW01_sub/rpl/32/generic_5019_8167_8167/element.ddc
/home/riscv/synopsys_cache_H-2013.03-SP2/DW01/DW01_sub/cla/32/generic_5019_8167_8167/element.ddc
/home/riscv/synopsys_cache_H-2013.03-SP2/DW01/DW01_sub/rpl/32/generic_5019/element.ddc
/home/riscv/synopsys_cache_H-2013.03-SP2/DW01/DW01_dec/rpl/6/generic_5019/element.ddc
/home/riscv/synopsys_cache_H-2013.03-SP2/DW01/DW01_inc/rpl/6/generic_5019/element.ddc
/home/riscv/synopsys_cache_H-2013.03-SP2/DW02/DW02_mult/csa/8/8/generic_5019/element.ddc
/home/riscv/synopsys_cache_H-2013.03-SP2/DW01/DW01_add/rpl/18/generic_5019_8167_8167/element.ddc
/home/riscv/synopsys_cache_H-2013.03-SP2/DW01/DW01_add/cla/18/generic_5019_8167_8167/element.ddc
/home/riscv/synopsys_cache_H-2013.03-SP2/DW01/DW01_add/rpl/18/generic_5019/element.ddc
/home/riscv/synopsys_cache_H-2013.03-SP2/DW01/DW01_add/rpl/19/generic_5019_8167_8167/element.ddc
/home/riscv/synopsys_cache_H-2013.03-SP2/DW01/DW01_add/cla/19/generic_5019_8167_8167/element.ddc
/home/riscv/synopsys_cache_H-2013.03-SP2/DW01/DW01_add/rpl/19/generic_5019/element.ddc
/home/riscv/synopsys_cache_H-2013.03-SP2/DW01/DW01_add/rpl/20/generic_5019_8167_8167/element.ddc
/home/riscv/synopsys_cache_H-2013.03-SP2/DW01/DW01_add/cla/20/generic_5019_8167_8167/element.ddc
/home/riscv/synopsys_cache_H-2013.03-SP2/DW01/DW01_add/rpl/20/generic_5019/element.ddc
/home/riscv/synopsys_cache_H-2013.03-SP2/DW01/DW01_cmp2/rpl/32/generic_5019/element.ddc
/home/riscv/synopsys_cache_H-2013.03-SP2/DW01/DW01_cmp2/rpl/2/generic_5019/element.ddc
/home/riscv/synopsys_cache_H-2013.03-SP2/DW01/DW01_inc/rpl/4/generic_5019/element.ddc
/home/riscv/synopsys_cache_H-2013.03-SP2/DW01/DW01_inc/rpl/2/generic_5019/element.ddc
/home/riscv/synopsys_cache_H-2013.03-SP2/DW01/DW01_cmp2/rpl/4/generic_5019/element.ddc
/home/riscv/synopsys_cache_H-2013.03-SP2/DW01/DW01_add/rpl/4/generic_5019_8167_8167/element.ddc
/home/riscv/synopsys_cache_H-2013.03-SP2/DW01/DW01_add/cla/4/generic_5019_8167_8167/element.ddc
/home/riscv/synopsys_cache_H-2013.03-SP2/DW01/DW01_add/rpl/4/generic_5019/element.ddc
/home/riscv/synopsys_cache_H-2013.03-SP2/DW01/DW01_inc/rpl/8/generic_5019/element.ddc
/home/riscv/synopsys_cache_H-2013.03-SP2/DW01/DW01_cmp2/rpl/8/generic_5019/element.ddc
/home/riscv/synopsys_cache_H-2013.03-SP2/DW02/DW02_mult/csa/4/1/generic_5019/element.ddc
/home/riscv/synopsys_cache_H-2013.03-SP2/DW02/DW02_mult/csa/8/1/generic_5019/element.ddc
/home/riscv/synopsys_cache_H-2013.03-SP2/DW01/DW01_inc/rpl/4/saed32rvt_ss0p95v125c_9001/element.ddc
/home/riscv/synopsys_cache_H-2013.03-SP2/DW01/DW01_cmp2/rpl/4/saed32rvt_ss0p95v125c_9001/element.ddc
/home/riscv/synopsys_cache_H-2013.03-SP2/DW01/DW01_add/rpl/4/saed32rvt_ss0p95v125c_9001/element.ddc
/home/riscv/synopsys_cache_H-2013.03-SP2/DW01/DW01_inc/rpl/2/saed32rvt_ss0p95v125c_9001/element.ddc
/home/riscv/synopsys_cache_H-2013.03-SP2/DW01/DW01_cmp2/rpl/2/saed32rvt_ss0p95v125c_9001/element.ddc
/home/riscv/synopsys_cache_H-2013.03-SP2/DW01/DW01_inc/rpl/8/saed32rvt_ss0p95v125c_9001/element.ddc
/home/riscv/synopsys_cache_H-2013.03-SP2/DW01/DW01_cmp2/rpl/8/saed32rvt_ss0p95v125c_9001/element.ddc
/home/riscv/synopsys_cache_H-2013.03-SP2/DW01/DW01_cmp6/rpl/32/saed32rvt_ss0p95v125c_9001/element.ddc
/home/riscv/synopsys_cache_H-2013.03-SP2/DW01/DW01_sub/rpl/32/saed32rvt_ss0p95v125c_9001/element.ddc
/home/riscv/synopsys_cache_H-2013.03-SP2/DW01/DW01_inc/rpl/6/saed32rvt_ss0p95v125c_9001/element.ddc
/home/riscv/synopsys_cache_H-2013.03-SP2/DW01/DW01_dec/rpl/6/saed32rvt_ss0p95v125c_9001/element.ddc
/home/riscv/synopsys_cache_H-2013.03-SP2/DW02/DW02_mult/csa/8/1/saed32rvt_ss0p95v125c_9001_8167_7847/element.ddc
/home/riscv/synopsys_cache_H-2013.03-SP2/DW01/DW01_inc/rpl/8/saed32rvt_ss0p95v125c_9001_8167_7847/element.ddc
/home/riscv/synopsys_cache_H-2013.03-SP2/DW02/DW02_mult/csa/4/1/saed32rvt_ss0p95v125c_9001_8167_7847/element.ddc
/home/riscv/synopsys_cache_H-2013.03-SP2/DW01/DW01_inc/rpl/4/saed32rvt_ss0p95v125c_9001_8167_7847/element.ddc
/home/riscv/synopsys_cache_H-2013.03-SP2/DW02/DW02_mult/csa/8/8/saed32rvt_ss0p95v125c_9001_8167_7847/element.ddc
/home/riscv/synopsys_cache_H-2013.03-SP2/DW01/DW01_add/rpl/20/saed32rvt_ss0p95v125c_9001_8167_7847/element.ddc
/home/riscv/synopsys_cache_H-2013.03-SP2/DW01/DW01_add/cla/20/saed32rvt_ss0p95v125c_9001_8167_7847/element.ddc
/home/riscv/synopsys_cache_H-2013.03-SP2/DW01/DW01_add/rpl/19/saed32rvt_ss0p95v125c_9001_8167_7847/element.ddc
/home/riscv/synopsys_cache_H-2013.03-SP2/DW01/DW01_add/cla/19/saed32rvt_ss0p95v125c_9001_8167_7847/element.ddc
/home/riscv/synopsys_cache_H-2013.03-SP2/DW01/DW01_add/rpl/18/saed32rvt_ss0p95v125c_9001_8167_7847/element.ddc
/home/riscv/synopsys_cache_H-2013.03-SP2/DW01/DW01_add/cla/18/saed32rvt_ss0p95v125c_9001_8167_7847/element.ddc
/home/riscv/synopsys_cache_H-2013.03-SP2/DW02/DW02_mult/csa/8/1/saed32rvt_ss0p95v125c_9001/element.ddc
/home/riscv/synopsys_cache_H-2013.03-SP2/DW02/DW02_mult/csa/4/1/saed32rvt_ss0p95v125c_9001/element.ddc
/home/riscv/synopsys_cache_H-2013.03-SP2/DW02/DW02_mult/csa/8/8/saed32rvt_ss0p95v125c_9001/element.ddc
/home/riscv/synopsys_cache_H-2013.03-SP2/DW01/DW01_add/cla/14/saed32rvt_ss0p95v125c_9001/element.ddc
/home/riscv/synopsys_cache_H-2013.03-SP2/DW01/DW01_add/rpl/20/saed32rvt_ss0p95v125c_9001/element.ddc
/home/riscv/synopsys_cache_H-2013.03-SP2/DW01/DW01_add/rpl/19/saed32rvt_ss0p95v125c_9001/element.ddc
/home/riscv/synopsys_cache_H-2013.03-SP2/DW01/DW01_add/rpl/18/saed32rvt_ss0p95v125c_9001/element.ddc
/home/riscv/Soc/conv_dc_SRAM/ref/saed32rvt_ss0p95v125c.db
/home/riscv/Soc/conv_dc_SRAM/ref/sram_8kx32_ss_0p99v_0p99v_125c.db
/home/riscv/Soc/conv_dc_SRAM/ref/sram_4kx64_ss_0p99v_0p99v_125c.db
/home/riscv/Soc/conv_dc_SRAM/scripts/optimization.tcl
/home/riscv/synopsys_cache_H-2013.03-SP2/DW01/DW01_add/rpl/20/saed32rvt_ss0p95v125c_9001_9485_7847/element.ddc
/home/riscv/synopsys_cache_H-2013.03-SP2/DW01/DW01_add/rpl/19/saed32rvt_ss0p95v125c_9001_9485_7847/element.ddc
/home/riscv/synopsys_cache_H-2013.03-SP2/DW01/DW01_add/rpl/18/saed32rvt_ss0p95v125c_9001_9485_7847/element.ddc
/home/riscv/synopsys_cache_H-2013.03-SP2/DW01/DW01_inc/rpl/8/saed32rvt_ss0p95v125c_9001_9485_7847/element.ddc
/home/riscv/Soc/conv_dc_SRAM/ref/saed32rvt_ss0p95v125c.db
/home/riscv/Soc/conv_dc_SRAM/ref/sram_8kx32_ss_0p99v_0p99v_125c.db
/home/riscv/Soc/conv_dc_SRAM/ref/sram_4kx64_ss_0p99v_0p99v_125c.db
/home/riscv/Soc/conv_dc_SRAM/scripts/6_write_file.tcl
